-----------------------------------------PASS 2---------------------------------------------------------
Line       LC              Label           Opcode          Operand         Object Code     Comment        
1          00000           PROG:           START           0                                              
2          00000           ONE:            FIX                             C4                             
3          00001                           COMPR           S,T             A045                           
4          00003                           LDL             10              09000A                         
5          00006                           STB             TWO             7BA002                         
6          00009                           SVC             5               B005                           
7          0000B           TWO:            NORM                            C8                             
8          0000C           ALPHA:          STX             CHARLIE         13200D                         
9          0000F                           BASE            BAKER                                          
10         0000F                           LDB             BAKER           692004                         
11         00012                           +SUB            CHARLIE         1F10001C                       
12         00016           BAKER:          LDF             2048            710800                         
13         00019                           TD              CHARLIE         E32000                         
14         0001C           CHARLIE:        +JEQ            ALPHA           3210000C                       
15         00020           ONSE:           BYTE            0X0F            0F                             
16         00021           TWSO:           BYTE            0C>             3E                             
17         00022           TDHREE:         BYTE            0X26AE          26AE                           
18         00024           FSDOUR:         BYTE            0C/-\           2F2D5C                         
19         00027           FIAVE:          RESW            #3                               partial line comment - ignore
20         00030           SICX:           WORD            #97             000061                         
21         00033           BUER:           RESB            #512                                           
22         00233           SESVEN:         EQU             #1024                                          
23         00233           BUSFEND:        EQU             *                                              
24         00233           MAX:            EQU             BUSFEND-BUSFEND                                
25         00233           BSSEGIN:        LDA             =0C+            03200F                         
26         00236                           LDA             =0X05AF         03200D                         
27         00239                           LDA             =0CFEDCBA       03200C                         
28         0023C                           LDA             =0XFEDCBA       03200F                         
29         0023F                           LDA             =0X05AF         032004                         
30         00242                           LDA             =0C+            032000                         
31         00245                           END             BEGIN                                          
32         00245           *               =0C+                            2B                             
33         00246           *               =0X05AF                         05AF                           
34         00248           *               =0CFEDCBA                       464544434241                   
35         0024E           *               =0XFEDCBA                       FEDCBA                         
Program Length: 00251

-----------------------------------------SYMBOL TABLE---------------------------------------------------------
Symbol     Value      RFALG      IFLAG      MFALG     
ALPH       0000C      True       1          0         
BAKE       00016      True       1          0         
BSSE       00233      True       1          0         
BUER       00033      True       1          0         
BUSF       00233      True       1          0         
CHAR       0001C      True       1          0         
FIAV       00027      True       1          0         
FSDO       00024      True       1          0         
MAX        00000      True       1          0         
ONE        00000      True       1          0         
ONSE       00020      True       1          0         
PROG       00000      True       1          0         
SESV       00400      True       1          0         
SICX       00030      True       1          0         
TDHR       00022      True       1          0         
TWO        0000B      True       1          0         
TWSO       00021      True       1          0         

-----------------------------------------Literal TABLE---------------------------------------------------------
Literal    Length     VALUE      ADDRESS             
=0C+       1          2B         00245
=0X05AF    2          05AF       00246
=0CFEDCBA  6          464544434241 00248
=0XFEDCBA  3          FEDCBA     0024E
