-----------------------------------------PASS 2---------------------------------------------------------
Line       LC              Label           Opcode          Operand         Object Code     Comment        
1          00000           PROG:           START           0                                              
2          00000           FIRST:          STL             RETADR          17200C                         
3          00003           SECOND:         LDA             =0CABCD         03200C                         
4          00006           THIRD:          LDA             =0XFF           03200D                         
5          00009                           J               RETADR          3E2003                         
6          0000C           DEF:            BYTE            0CDEF           444546                         
7          0000F           SYM1:           EQU             512                                            
8          0000F           SYM2:           EQU             *                                              
9          0000F           SYM3:           EQU             SECOND-FIRST                                   
10         0000F           RETADR:         RESW            1                                              
11         00012                           END             FIRST                                          
12         00012           *               =0CABCD                         41424344                       
13         00016           *               =0XFF                           FF                             
Program Length: 00017

-----------------------------------------SYMBOL TABLE---------------------------------------------------------
Symbol     Value      RFALG      IFLAG      MFALG     
DEF        0000C      True       1          0         
FIRS       00000      True       1          0         
PROG       00000      True       1          0         
RETA       0000F      True       1          0         
SECO       00003      True       1          0         
SYM1       00200      True       1          0         
SYM2       0000F      True       1          0         
SYM3       00003      True       1          0         
THIR       00006      True       1          0         

-----------------------------------------Literal TABLE---------------------------------------------------------
Literal    Length     VALUE      ADDRESS             
=0CABCD    4          41424344   00012
=0XFF      1          FF         00016
