-----------------------------------------PASS 2---------------------------------------------------------
Line       LC              Label           Opcode          Operand         Object Code     Comment        
1          00000           PROG:           START           0                                              
2          00000           FIRST:          STL             RETADR          172147                         
3          00003                           LDA             1               010001                         
4          00006                           CLEAR           X               B410                           
5          00008                           LDS             3               6D0003                         
6          0000B                           LDT             300             75012C                         
7          0000E           LOOP:           STA             ARRAY           0FA00D                         
8          00011                           ADD             1               190001                         
9          00014                           ADDR            S,X             9041                           
10         00016                           COMPR           X,T             A015                           
11         00018                           JLT             LOOP            3B2FF3                         
12         0001B                           J               RETADR          3E212C                         
13         0001E           ARRAY:          RESW            #100                                           
14         0014A           RETADR:         RESW            #1                                             
15         0014D                           END             FIRST                                          
Program Length: 0014D

-----------------------------------------SYMBOL TABLE---------------------------------------------------------
Symbol     Value      RFALG      IFLAG      MFALG     
ARRA       0001E      True       1          0         
FIRS       00000      True       1          0         
LOOP       0000E      True       1          0         
PROG       00000      True       1          0         
RETA       0014A      True       1          0         

-----------------------------------------Literal TABLE---------------------------------------------------------
Literal    Length     VALUE      ADDRESS             
