-----------------------------------------PASS 2---------------------------------------------------------
Line       LC              Label           Opcode          Operand         Object Code     Comment        
1          00000           PROG:           START           0                                              
2          00000           FIRST:          +STL            RETADR          17100BD8                       
3          00004                           LDA             1               010001                         
4          00007                           CLEAR           X               B410                           
5          00009                           LDS             3               6D0003                         
6          0000C                           LDT             3000            750BB8                         
7          0000F           LOOP:           STA             ARRAY           0FA00E                         
8          00012                           ADD             1               190001                         
9          00015                           ADDR            S,X             9041                           
10         00017                           COMPR           X,T             A015                           
11         00019                           JLT             LOOP            3B2FF3                         
12         0001C                           +J              RETADR          3E100BD8                       
13         00020           ARRAY:          RESW            #1000                                          
14         00BD8           RETADR:         RESW            #1                                             
15         00BDB                           END             FIRST                                          
Program Length: 00BDB

-----------------------------------------SYMBOL TABLE---------------------------------------------------------
Symbol     Value      RFALG      IFLAG      MFALG     
ARRA       00020      True       1          0         
FIRS       00000      True       1          0         
LOOP       0000F      True       1          0         
PROG       00000      True       1          0         
RETA       00BD8      True       1          0         

-----------------------------------------Literal TABLE---------------------------------------------------------
Literal    Length     VALUE      ADDRESS             
