-----------------------------------------PASS 2---------------------------------------------------------
Line       LC              Label           Opcode          Operand         Object Code     Comment        
1          00000           PROG:           START           0                                              
2          00000           FIRST:          LDB             ARRAY           69201E                         
3          00003                           BASE            ARRAY                                          
4          00003                           STL             RETADR          174BB8                         
5          00006                           LDA             1               010001                         
6          00009                           CLEAR           X               B410                           
7          0000B                           LDS             3               6D0003                         
8          0000E                           LDT             3000            750BB8                         
9          00011           LOOP:           STA             ARRAY           0FA00D                         
10         00014                           ADD             1               190001                         
11         00017                           ADDR            S,X             9041                           
12         00019                           COMPR           X,T             A015                           
13         0001B                           JLT             LOOP            3B2FF3                         
14         0001E                           J               RETADR          3E4BB8                         
15         00021           ARRAY:          RESW            #1000                                          
16         00BD9           RETADR:         RESW            #1                                             
17         00BDC                           END             FIRST                                          
Program Length: 00BDC

-----------------------------------------SYMBOL TABLE---------------------------------------------------------
Symbol     Value      RFALG      IFLAG      MFALG     
ARRA       00021      True       1          0         
FIRS       00000      True       1          0         
LOOP       00011      True       1          0         
PROG       00000      True       1          0         
RETA       00BD9      True       1          0         

-----------------------------------------Literal TABLE---------------------------------------------------------
Literal    Length     VALUE      ADDRESS             
