-----------------------------------------PASS 2---------------------------------------------------------
Line       LC              Label           Opcode          Operand         Object Code     Comment        
1          00000           CSC_354:        START           0                                              
2          00000           ONE:            BYTE            0X0F            0F                             
3          00001           TWO:            BYTE            0C>             3E                             
4          00002           THREE:          BYTE            0X26AE          26AE                           
5          00004           FOUR:           BYTE            0C/-\           2F2D5C                         
6          00007           FIVE:           RESW            #3                               partial line comment - ignore
7          00010           SIX:            WORD            #97             000061                         
8          00013           BUFFER:         RESB            #512                                           
9          00213           SEVEN:          EQU             #1024                                          
10         00213           BUFEND:         EQU             *                                              
11         00213           MAX:            EQU             BUFEND-BUFFER                                  
12         00213                           END             ONE                                            
Program Length: 00213

-----------------------------------------SYMBOL TABLE---------------------------------------------------------
Symbol     Value      RFALG      IFLAG      MFALG     
BUFE       00213      True       1          0         
BUFF       00013      True       1          0         
CSC_       00000      True       1          0         
FIVE       00007      True       1          0         
FOUR       00004      True       1          0         
MAX        00200      True       1          0         
ONE        00000      True       1          0         
SEVE       00400      True       1          0         
SIX        00010      True       1          0         
THRE       00002      True       1          0         
TWO        00001      True       1          0         

-----------------------------------------Literal TABLE---------------------------------------------------------
Literal    Length     VALUE      ADDRESS             
