-----------------------------------------PASS 2---------------------------------------------------------
Line       LC              Label           Opcode          Operand         Object Code     Comment        
1          00000           PROGRAM:        START           0                                              
2          00000           ALPHA:          STX             CHARLIE         13200D                         
3          00003                           BASE            BAKER                                          
4          00003                           LDB             BAKER           692004                         
5          00006                           +SUB            CHARLIE         1F100010                       
6          0000A           BAKER:          LDF             2048            710800                         
7          0000D                           TD              CHARLIE         E32000                         
8          00010           CHARLIE:        +JEQ            ALPHA           32100000                       
9          00014                           END             ALPHA                                          
Program Length: 00014

-----------------------------------------SYMBOL TABLE---------------------------------------------------------
Symbol     Value      RFALG      IFLAG      MFALG     
ALPH       00000      True       1          0         
BAKE       0000A      True       1          0         
CHAR       00010      True       1          0         
PROG       00000      True       1          0         

-----------------------------------------Literal TABLE---------------------------------------------------------
Literal    Length     VALUE      ADDRESS             
