-----------------------------------------PASS 2---------------------------------------------------------
Line       LC              Label           Opcode          Operand         Object Code     Comment        
1          00000           FA18:           START           0                                              
2          00000           BEGIN:          LDA             =0C+            03200F                         
3          00003                           LDA             =0X05AF         03200D                         
4          00006                           LDA             =0CFEDCBA       03200C                         
5          00009                           LDA             =0XFEDCBA       03200F                         
6          0000C                           LDA             =0X05AF         032004                         
7          0000F                           LDA             =0C+            032000                         
8          00012                           END             BEGIN                                          
9          00012           *               =0C+                            2B                             
10         00013           *               =0X05AF                         05AF                           
11         00015           *               =0CFEDCBA                       464544434241                   
12         0001B           *               =0XFEDCBA                       FEDCBA                         
Program Length: 0001E

-----------------------------------------SYMBOL TABLE---------------------------------------------------------
Symbol     Value      RFALG      IFLAG      MFALG     
BEGI       00000      True       1          0         
FA18       00000      True       1          0         

-----------------------------------------Literal TABLE---------------------------------------------------------
Literal    Length     VALUE      ADDRESS             
=0C+       1          2B         00012
=0X05AF    2          05AF       00013
=0CFEDCBA  6          464544434241 00015
=0XFEDCBA  3          FEDCBA     0001B
